// Jest Snapshot v1, https://goo.gl/fbAQLP

exports[`Textarea Input Has the correct styles when in dark mode 1`] = `
.c0 {
  border-radius: 5px;
  color: inherit;
  padding: 10px;
  width: 100%;
  box-sizing: border-box;
  -webkit-appearance: none;
  resize: vertical;
  outline: none;
  border: solid 1px #627d98;
  background-color: #243b53;
}

.c0:focus {
  border-color: #627d98;
  box-shadow: 0 0 6px #627d98;
}

<div>
  <textarea
    class="c0"
    placeholder="Test placeholder"
  />
</div>
`;
