// Jest Snapshot v1, https://goo.gl/fbAQLP

exports[`Label Tests Renders the Label component | Dark mode 1`] = `
.c0 {
  display: inline-block;
  color: #DDDDDD;
  margin-bottom: 5px;
  font-weight: bold;
}

<div>
  <label
    class="c0"
  >
    I am a label
  </label>
</div>
`;
